// Jest Snapshot v1, https://goo.gl/fbAQLP

exports[`configuration by environment should return beta config 1`] = `
Object {
  "graphql": "http://localhost:7000/graphql",
}
`;

exports[`configuration by environment should return beta config by default 1`] = `
Object {
  "graphql": "http://localhost:7000/graphql",
}
`;

exports[`configuration by environment should return production config 1`] = `
Object {
  "graphql": "/.netlify/functions/graphql",
}
`;
